Archive member included to satisfy reference by file (symbol)

D:/Shankar/Stm32 garbage/STM32CubeIDE_1.13.2/STM32CubeIDE/plugins/com.st.stm32cube.ide.mcu.externaltools.gnu-tools-for-stm32.11.3.rel1.win32_1.1.1.202309131626/tools/bin/../lib/gcc/arm-none-eabi/11.3.1/../../../../arm-none-eabi/lib/thumb/v7-m/nofp\libc_nano.a(libc_a-exit.o)
                              D:/Shankar/Stm32 garbage/STM32CubeIDE_1.13.2/STM32CubeIDE/plugins/com.st.stm32cube.ide.mcu.externaltools.gnu-tools-for-stm32.11.3.rel1.win32_1.1.1.202309131626/tools/bin/../lib/gcc/arm-none-eabi/11.3.1/../../../../arm-none-eabi/lib/thumb/v7-m/nofp/crt0.o (exit)
D:/Shankar/Stm32 garbage/STM32CubeIDE_1.13.2/STM32CubeIDE/plugins/com.st.stm32cube.ide.mcu.externaltools.gnu-tools-for-stm32.11.3.rel1.win32_1.1.1.202309131626/tools/bin/../lib/gcc/arm-none-eabi/11.3.1/../../../../arm-none-eabi/lib/thumb/v7-m/nofp\libc_nano.a(libc_a-findfp.o)
                              D:/Shankar/Stm32 garbage/STM32CubeIDE_1.13.2/STM32CubeIDE/plugins/com.st.stm32cube.ide.mcu.externaltools.gnu-tools-for-stm32.11.3.rel1.win32_1.1.1.202309131626/tools/bin/../lib/gcc/arm-none-eabi/11.3.1/../../../../arm-none-eabi/lib/thumb/v7-m/nofp\libc_nano.a(libc_a-exit.o) (__stdio_exit_handler)
D:/Shankar/Stm32 garbage/STM32CubeIDE_1.13.2/STM32CubeIDE/plugins/com.st.stm32cube.ide.mcu.externaltools.gnu-tools-for-stm32.11.3.rel1.win32_1.1.1.202309131626/tools/bin/../lib/gcc/arm-none-eabi/11.3.1/../../../../arm-none-eabi/lib/thumb/v7-m/nofp\libc_nano.a(libc_a-fwalk.o)
                              D:/Shankar/Stm32 garbage/STM32CubeIDE_1.13.2/STM32CubeIDE/plugins/com.st.stm32cube.ide.mcu.externaltools.gnu-tools-for-stm32.11.3.rel1.win32_1.1.1.202309131626/tools/bin/../lib/gcc/arm-none-eabi/11.3.1/../../../../arm-none-eabi/lib/thumb/v7-m/nofp\libc_nano.a(libc_a-findfp.o) (_fwalk_sglue)
D:/Shankar/Stm32 garbage/STM32CubeIDE_1.13.2/STM32CubeIDE/plugins/com.st.stm32cube.ide.mcu.externaltools.gnu-tools-for-stm32.11.3.rel1.win32_1.1.1.202309131626/tools/bin/../lib/gcc/arm-none-eabi/11.3.1/../../../../arm-none-eabi/lib/thumb/v7-m/nofp\libc_nano.a(libc_a-stdio.o)
                              D:/Shankar/Stm32 garbage/STM32CubeIDE_1.13.2/STM32CubeIDE/plugins/com.st.stm32cube.ide.mcu.externaltools.gnu-tools-for-stm32.11.3.rel1.win32_1.1.1.202309131626/tools/bin/../lib/gcc/arm-none-eabi/11.3.1/../../../../arm-none-eabi/lib/thumb/v7-m/nofp\libc_nano.a(libc_a-findfp.o) (__sread)
D:/Shankar/Stm32 garbage/STM32CubeIDE_1.13.2/STM32CubeIDE/plugins/com.st.stm32cube.ide.mcu.externaltools.gnu-tools-for-stm32.11.3.rel1.win32_1.1.1.202309131626/tools/bin/../lib/gcc/arm-none-eabi/11.3.1/../../../../arm-none-eabi/lib/thumb/v7-m/nofp\libc_nano.a(libc_a-memset.o)
                              D:/Shankar/Stm32 garbage/STM32CubeIDE_1.13.2/STM32CubeIDE/plugins/com.st.stm32cube.ide.mcu.externaltools.gnu-tools-for-stm32.11.3.rel1.win32_1.1.1.202309131626/tools/bin/../lib/gcc/arm-none-eabi/11.3.1/../../../../arm-none-eabi/lib/thumb/v7-m/nofp/crt0.o (memset)
D:/Shankar/Stm32 garbage/STM32CubeIDE_1.13.2/STM32CubeIDE/plugins/com.st.stm32cube.ide.mcu.externaltools.gnu-tools-for-stm32.11.3.rel1.win32_1.1.1.202309131626/tools/bin/../lib/gcc/arm-none-eabi/11.3.1/../../../../arm-none-eabi/lib/thumb/v7-m/nofp\libc_nano.a(libc_a-closer.o)
                              D:/Shankar/Stm32 garbage/STM32CubeIDE_1.13.2/STM32CubeIDE/plugins/com.st.stm32cube.ide.mcu.externaltools.gnu-tools-for-stm32.11.3.rel1.win32_1.1.1.202309131626/tools/bin/../lib/gcc/arm-none-eabi/11.3.1/../../../../arm-none-eabi/lib/thumb/v7-m/nofp\libc_nano.a(libc_a-stdio.o) (_close_r)
D:/Shankar/Stm32 garbage/STM32CubeIDE_1.13.2/STM32CubeIDE/plugins/com.st.stm32cube.ide.mcu.externaltools.gnu-tools-for-stm32.11.3.rel1.win32_1.1.1.202309131626/tools/bin/../lib/gcc/arm-none-eabi/11.3.1/../../../../arm-none-eabi/lib/thumb/v7-m/nofp\libc_nano.a(libc_a-reent.o)
                              D:/Shankar/Stm32 garbage/STM32CubeIDE_1.13.2/STM32CubeIDE/plugins/com.st.stm32cube.ide.mcu.externaltools.gnu-tools-for-stm32.11.3.rel1.win32_1.1.1.202309131626/tools/bin/../lib/gcc/arm-none-eabi/11.3.1/../../../../arm-none-eabi/lib/thumb/v7-m/nofp\libc_nano.a(libc_a-closer.o) (errno)
D:/Shankar/Stm32 garbage/STM32CubeIDE_1.13.2/STM32CubeIDE/plugins/com.st.stm32cube.ide.mcu.externaltools.gnu-tools-for-stm32.11.3.rel1.win32_1.1.1.202309131626/tools/bin/../lib/gcc/arm-none-eabi/11.3.1/../../../../arm-none-eabi/lib/thumb/v7-m/nofp\libc_nano.a(libc_a-impure.o)
                              D:/Shankar/Stm32 garbage/STM32CubeIDE_1.13.2/STM32CubeIDE/plugins/com.st.stm32cube.ide.mcu.externaltools.gnu-tools-for-stm32.11.3.rel1.win32_1.1.1.202309131626/tools/bin/../lib/gcc/arm-none-eabi/11.3.1/../../../../arm-none-eabi/lib/thumb/v7-m/nofp\libc_nano.a(libc_a-reent.o) (_impure_ptr)
[...]
Memory Configuration

Name             Origin             Length             Attributes
RAM              0x0000000020000000 0x0000000000005000 xrw
FLASH            0x0000000008000000 0x0000000000010000 xr
*default*        0x0000000000000000 0xffffffffffffffff

Linker script and memory map

LOAD D:/Shankar/Stm32 garbage/STM32CubeIDE_1.13.2/STM32CubeIDE/plugins/com.st.stm32cube.ide.mcu.externaltools.gnu-tools-for-stm32.11.3.rel1.win32_1.1.1.202309131626/tools/bin/../lib/gcc/arm-none-eabi/11.3.1/thumb/v7-m/nofp/crti.o
LOAD D:/Shankar/Stm32 garbage/STM32CubeIDE_1.13.2/STM32CubeIDE/plugins/com.st.stm32cube.ide.mcu.externaltools.gnu-tools-for-stm32.11.3.rel1.win32_1.1.1.202309131626/tools/bin/../lib/gcc/arm-none-eabi/11.3.1/thumb/v7-m/nofp/crtbegin.o
LOAD D:/Shankar/Stm32 garbage/STM32CubeIDE_1.13.2/STM32CubeIDE/plugins/com.st.stm32cube.ide.mcu.externaltools.gnu-tools-for-stm32.11.3.rel1.win32_1.1.1.202309131626/tools/bin/../lib/gcc/arm-none-eabi/11.3.1/../../../../arm-none-eabi/lib/thumb/v7-m/nofp/crt0.o
LOAD ./Core/Src/main.o
LOAD ./Core/Src/mylibrary.o
LOAD ./Core/Src/stm32f1xx_hal_msp.o
LOAD ./Core/Src/stm32f1xx_it.o
LOAD ./Core/Src/syscalls.o
LOAD ./Core/Src/sysmem.o
LOAD ./Core/Src/system_stm32f1xx.o
LOAD ./Core/Startup/startup_stm32f103c8tx.o
LOAD ./Drivers/STM32F1xx_HAL_Driver/Src/stm32f1xx_hal.o
LOAD ./Drivers/STM32F1xx_HAL_Driver/Src/stm32f1xx_hal_cortex.o
LOAD ./Drivers/STM32F1xx_HAL_Driver/Src/stm32f1xx_hal_dma.o
LOAD ./Drivers/STM32F1xx_HAL_Driver/Src/stm32f1xx_hal_exti.o
LOAD ./Drivers/STM32F1xx_HAL_Driver/Src/stm32f1xx_hal_flash.o
LOAD ./Drivers/STM32F1xx_HAL_Driver/Src/stm32f1xx_hal_flash_ex.o
LOAD ./Drivers/STM32F1xx_HAL_Driver/Src/stm32f1xx_hal_gpio.o
LOAD ./Drivers/STM32F1xx_HAL_Driver/Src/stm32f1xx_hal_gpio_ex.o
LOAD ./Drivers/STM32F1xx_HAL_Driver/Src/stm32f1xx_hal_pwr.o
LOAD ./Drivers/STM32F1xx_HAL_Driver/Src/stm32f1xx_hal_rcc.o
LOAD ./Drivers/STM32F1xx_HAL_Driver/Src/stm32f1xx_hal_rcc_ex.o
LOAD ./Drivers/STM32F1xx_HAL_Driver/Src/stm32f1xx_hal_tim.o
LOAD ./Drivers/STM32F1xx_HAL_Driver/Src/stm32f1xx_hal_tim_ex.o
LOAD ./Drivers/STM32F1xx_HAL_Driver/Src/stm32f1xx_hal_uart.o
START GROUP
LOAD D:/Shankar/Stm32 garbage/STM32CubeIDE_1.13.2/STM32CubeIDE/plugins/com.st.stm32cube.ide.mcu.externaltools.gnu-tools-for-stm32.11.3.rel1.win32_1.1.1.202309131626/tools/bin/../lib/gcc/arm-none-eabi/11.3.1/../../../../arm-none-eabi/lib/thumb/v7-m/nofp\libc_nano.a
LOAD D:/Shankar/Stm32 garbage/STM32CubeIDE_1.13.2/STM32CubeIDE/plugins/com.st.stm32cube.ide.mcu.externaltools.gnu-tools-for-stm32.11.3.rel1.win32_1.1.1.202309131626/tools/bin/../lib/gcc/arm-none-eabi/11.3.1/../../../../arm-none-eabi/lib/thumb/v7-m/nofp\libm.a
END GROUP
START GROUP
LOAD D:/Shankar/Stm32 garbage/STM32CubeIDE_1.13.2/STM32CubeIDE/plugins/com.st.stm32cube.ide.mcu.externaltools.gnu-tools-for-stm32.11.3.rel1.win32_1.1.1.202309131626/tools/bin/../lib/gcc/arm-none-eabi/11.3.1/thumb/v7-m/nofp\libgcc.a
LOAD D:/Shankar/Stm32 garbage/STM32CubeIDE_1.13.2/STM32CubeIDE/plugins/com.st.stm32cube.ide.mcu.externaltools.gnu-tools-for-stm32.11.3.rel1.win32_1.1.1.202309131626/tools/bin/../lib/gcc/arm-none-eabi/11.3.1/../../../../arm-none-eabi/lib/thumb/v7-m/nofp\libc_nano.a
END GROUP
START GROUP
LOAD D:/Shankar/Stm32 garbage/STM32CubeIDE_1.13.2/STM32CubeIDE/plugins/com.st.stm32cube.ide.mcu.externaltools.gnu-tools-for-stm32.11.3.rel1.win32_1.1.1.202309131626/tools/bin/../lib/gcc/arm-none-eabi/11.3.1/thumb/v7-m/nofp\libgcc.a
LOAD D:/Shankar/Stm32 garbage/STM32CubeIDE_1.13.2/STM32CubeIDE/plugins/com.st.stm32cube.ide.mcu.externaltools.gnu-tools-for-stm32.11.3.rel1.win32_1.1.1.202309131626/tools/bin/../lib/gcc/arm-none-eabi/11.3.1/../../../../arm-none-eabi/lib/thumb/v7-m/nofp\libc_nano.a
LOAD D:/Shankar/Stm32 garbage/STM32CubeIDE_1.13.2/STM32CubeIDE/plugins/com.st.stm32cube.ide.mcu.externaltools.gnu-tools-for-stm32.11.3.rel1.win32_1.1.1.202309131626/tools/bin/../lib/gcc/arm-none-eabi/11.3.1/../../../../arm-none-eabi/lib/thumb/v7-m/nofp\libnosys.a
END GROUP
START GROUP
LOAD D:/Shankar/Stm32 garbage/STM32CubeIDE_1.13.2/STM32CubeIDE/plugins/com.st.stm32cube.ide.mcu.externaltools.gnu-tools-for-stm32.11.3.rel1.win32_1.1.1.202309131626/tools/bin/../lib/gcc/arm-none-eabi/11.3.1/thumb/v7-m/nofp\libgcc.a
LOAD D:/Shankar/Stm32 garbage/STM32CubeIDE_1.13.2/STM32CubeIDE/plugins/com.st.stm32cube.ide.mcu.externaltools.gnu-tools-for-stm32.11.3.rel1.win32_1.1.1.202309131626/tools/bin/../lib/gcc/arm-none-eabi/11.3.1/../../../../arm-none-eabi/lib/thumb/v7-m/nofp\libc_nano.a
LOAD D:/Shankar/Stm32 garbage/STM32CubeIDE_1.13.2/STM32CubeIDE/plugins/com.st.stm32cube.ide.mcu.externaltools.gnu-tools-for-stm32.11.3.rel1.win32_1.1.1.202309131626/tools/bin/../lib/gcc/arm-none-eabi/11.3.1/../../../../arm-none-eabi/lib/thumb/v7-m/nofp\libnosys.a
END GROUP
LOAD D:/Shankar/Stm32 garbage/STM32CubeIDE_1.13.2/STM32CubeIDE/plugins/com.st.stm32cube.ide.mcu.externaltools.gnu-tools-for-stm32.11.3.rel1.win32_1.1.1.202309131626/tools/bin/../lib/gcc/arm-none-eabi/11.3.1/thumb/v7-m/nofp/crtend.o
LOAD D:/Shankar/Stm32 garbage/STM32CubeIDE_1.13.2/STM32CubeIDE/plugins/com.st.stm32cube.ide.mcu.externaltools.gnu-tools-for-stm32.11.3.rel1.win32_1.1.1.202309131626/tools/bin/../lib/gcc/arm-none-eabi/11.3.1/thumb/v7-m/nofp/crtn.o
                0x0000000020005000                _estack = (ORIGIN (RAM) + LENGTH (RAM))
                0x0000000000000200                _Min_Heap_Size = 0x200
                0x0000000000000400                _Min_Stack_Size = 0x400

.isr_vector     0x0000000008000000      0x10c
                0x0000000008000000                . = ALIGN (0x4)
 *(.isr_vector)
 .isr_vector    0x0000000008000000      0x10c ./Core/Startup/startup_stm32f103c8tx.o
                0x0000000008000000                g_pfnVectors
                0x000000000800010c                . = ALIGN (0x4)

.text           0x000000000800010c     0x2cfc
                0x000000000800010c                . = ALIGN (0x4)
 *(.text)
 .text          0x000000000800010c       0x40 D:/Shankar/Stm32 garbage/STM32CubeIDE_1.13.2/STM32CubeIDE/plugins/com.st.stm32cube.ide.mcu.externaltools.gnu-tools-for-stm32.11.3.rel1.win32_1.1.1.202309131626/tools/bin/../lib/gcc/arm-none-eabi/11.3.1/thumb/v7-m/nofp/crtbegin.o
 .text          0x000000000800014c       0x10 D:/Shankar/Stm32 garbage/STM32CubeIDE_1.13.2/STM32CubeIDE/plugins/com.st.stm32cube.ide.mcu.externaltools.gnu-tools-for-stm32.11.3.rel1.win32_1.1.1.202309131626/tools/bin/../lib/gcc/arm-none-eabi/11.3.1/../../../../arm-none-eabi/lib/thumb/v7-m/nofp\libc_nano.a(libc_a-strlen.o)
                0x000000000800014c                strlen
 *(.text*)
 .text.main     0x000000000800015c       0x64 ./Core/Src/main.o
                0x000000000800015c                main
 .text.SystemClock_Config
                0x00000000080001c0       0x8c ./Core/Src/main.o
                0x00000000080001c0                SystemClock_Config
 .text.MX_TIM2_Init
                0x000000000800024c       0x9c ./Core/Src/main.o
 .text.MX_USART2_UART_Init
                0x00000000080002e8       0x54 ./Core/Src/main.o
 .text.MX_GPIO_Init
                0x000000000800033c       0xe8 ./Core/Src/main.o
 .text.Error_Handler
                0x0000000008000424        0xc ./Core/Src/main.o
                0x0000000008000424                Error_Handler
 .text.string_compare
                0x0000000008000430       0x62 ./Core/Src/mylibrary.o
                0x0000000008000430                string_compare
 *fill*         0x0000000008000492        0x2 
 .text.Message_handler
                0x0000000008000494       0xcc ./Core/Src/mylibrary.o
                0x0000000008000494                Message_handler
 .text.HAL_MspInit
                0x0000000008000560       0x64 ./Core/Src/stm32f1xx_hal_msp.o
                0x0000000008000560                HAL_MspInit
 .text.HAL_TIM_Base_MspInit
                0x00000000080005c4       0x48 ./Core/Src/stm32f1xx_hal_msp.o
                0x00000000080005c4                HAL_TIM_Base_MspInit
 .text.HAL_UART_MspInit
                0x000000000800060c       0xa4 ./Core/Src/stm32f1xx_hal_msp.o
                0x000000000800060c                HAL_UART_MspInit
 .text.NMI_Handler
                0x00000000080006b0        0xc ./Core/Src/stm32f1xx_it.o
                0x00000000080006b0                NMI_Handler
 .text.HardFault_Handler
                0x00000000080006bc        0x6 ./Core/Src/stm32f1xx_it.o
                0x00000000080006bc                HardFault_Handler
 .text.MemManage_Handler
                0x00000000080006c2        0x6 ./Core/Src/stm32f1xx_it.o
                0x00000000080006c2                MemManage_Handler
 .text.BusFault_Handler
                0x00000000080006c8        0x6 ./Core/Src/stm32f1xx_it.o
                0x00000000080006c8                BusFault_Handler
 .text.UsageFault_Handler
                0x00000000080006ce        0x6 ./Core/Src/stm32f1xx_it.o
                0x00000000080006ce                UsageFault_Handler
 .text.SVC_Handler
                0x00000000080006d4        0xc ./Core/Src/stm32f1xx_it.o
                0x00000000080006d4                SVC_Handler
 .text.DebugMon_Handler
                0x00000000080006e0        0xc ./Core/Src/stm32f1xx_it.o
                0x00000000080006e0                DebugMon_Handler
 .text.PendSV_Handler
                0x00000000080006ec        0xc ./Core/Src/stm32f1xx_it.o
                0x00000000080006ec                PendSV_Handler
 .text.SysTick_Handler
                0x00000000080006f8        0xc ./Core/Src/stm32f1xx_it.o
                0x00000000080006f8                SysTick_Handler
 .text.TIM2_IRQHandler
                0x0000000008000704       0x3c ./Core/Src/stm32f1xx_it.o
                0x0000000008000704                TIM2_IRQHandler
 .text.USART2_IRQHandler
                0x0000000008000740       0x48 ./Core/Src/stm32f1xx_it.o
                0x0000000008000740                USART2_IRQHandler
 .text.SystemInit
                0x0000000008000788       0x68 ./Core/Src/system_stm32f1xx.o
                0x0000000008000788                SystemInit
 .text.Reset_Handler
                0x00000000080007f0       0x48 ./Core/Startup/startup_stm32f103c8tx.o
                0x00000000080007f0                Reset_Handler
 .text.Default_Handler
                0x0000000008000838        0x2 ./Core/Startup/startup_stm32f103c8tx.o
                0x0000000008000838                RTC_Alarm_IRQHandler
                0x0000000008000838                EXTI2_IRQHandler
                0x0000000008000838                TIM1_CC_IRQHandler
                0x0000000008000838                PVD_IRQHandler
                0x0000000008000838                EXTI3_IRQHandler
                0x0000000008000838                EXTI0_IRQHandler
                0x0000000008000838                I2C2_EV_IRQHandler
                0x0000000008000838                ADC1_2_IRQHandler
                0x0000000008000838                SPI1_IRQHandler
                0x0000000008000838                TAMPER_IRQHandler
                0x0000000008000838                DMA1_Channel4_IRQHandler
                0x0000000008000838                USART3_IRQHandler
                0x0000000008000838                RTC_IRQHandler
                0x0000000008000838                DMA1_Channel7_IRQHandler
                0x0000000008000838                CAN1_RX1_IRQHandler
                0x0000000008000838                TIM4_IRQHandler
                0x0000000008000838                I2C1_EV_IRQHandler
                0x0000000008000838                DMA1_Channel6_IRQHandler
                0x0000000008000838                TIM3_IRQHandler
                0x0000000008000838                RCC_IRQHandler
                0x0000000008000838                TIM1_TRG_COM_IRQHandler
                0x0000000008000838                DMA1_Channel1_IRQHandler
                0x0000000008000838                Default_Handler
                0x0000000008000838                EXTI15_10_IRQHandler
                0x0000000008000838                EXTI9_5_IRQHandler
                0x0000000008000838                SPI2_IRQHandler
                0x0000000008000838                DMA1_Channel5_IRQHandler
                0x0000000008000838                EXTI4_IRQHandler
                0x0000000008000838                USB_LP_CAN1_RX0_IRQHandler
                0x0000000008000838                USB_HP_CAN1_TX_IRQHandler
                0x0000000008000838                DMA1_Channel3_IRQHandler
                0x0000000008000838                TIM1_UP_IRQHandler
                0x0000000008000838                WWDG_IRQHandler
                0x0000000008000838                TIM1_BRK_IRQHandler
                0x0000000008000838                EXTI1_IRQHandler
                0x0000000008000838                I2C2_ER_IRQHandler
                0x0000000008000838                DMA1_Channel2_IRQHandler
                0x0000000008000838                CAN1_SCE_IRQHandler
                0x0000000008000838                FLASH_IRQHandler
                0x0000000008000838                USART1_IRQHandler
                0x0000000008000838                I2C1_ER_IRQHandler
                0x0000000008000838                USBWakeUp_IRQHandler
 *fill*         0x000000000800083a        0x2 
 .text.HAL_Init
                0x000000000800083c       0x2c ./Drivers/STM32F1xx_HAL_Driver/Src/stm32f1xx_hal.o
                0x000000000800083c                HAL_Init
 .text.HAL_InitTick
                0x0000000008000868       0x60 ./Drivers/STM32F1xx_HAL_Driver/Src/stm32f1xx_hal.o
                0x0000000008000868                HAL_InitTick
 .text.HAL_IncTick
                0x00000000080008c8       0x24 ./Drivers/STM32F1xx_HAL_Driver/Src/stm32f1xx_hal.o
                0x00000000080008c8                HAL_IncTick
 .text.HAL_GetTick
                0x00000000080008ec       0x14 ./Drivers/STM32F1xx_HAL_Driver/Src/stm32f1xx_hal.o
                0x00000000080008ec                HAL_GetTick
 .text.HAL_Delay
                0x0000000008000900       0x48 ./Drivers/STM32F1xx_HAL_Driver/Src/stm32f1xx_hal.o
                0x0000000008000900                HAL_Delay
 .text.__NVIC_SetPriorityGrouping
                0x0000000008000948       0x48 ./Drivers/STM32F1xx_HAL_Driver/Src/stm32f1xx_hal_cortex.o
 .text.__NVIC_GetPriorityGrouping
                0x0000000008000990       0x1c ./Drivers/STM32F1xx_HAL_Driver/Src/stm32f1xx_hal_cortex.o
 .text.__NVIC_EnableIRQ
                0x00000000080009ac       0x38 ./Drivers/STM32F1xx_HAL_Driver/Src/stm32f1xx_hal_cortex.o
 .text.__NVIC_SetPriority
                0x00000000080009e4       0x54 ./Drivers/STM32F1xx_HAL_Driver/Src/stm32f1xx_hal_cortex.o
 .text.NVIC_EncodePriority
                0x0000000008000a38       0x64 ./Drivers/STM32F1xx_HAL_Driver/Src/stm32f1xx_hal_cortex.o
 .text.SysTick_Config
                0x0000000008000a9c       0x44 ./Drivers/STM32F1xx_HAL_Driver/Src/stm32f1xx_hal_cortex.o
 .text.HAL_NVIC_SetPriorityGrouping
                0x0000000008000ae0       0x16 ./Drivers/STM32F1xx_HAL_Driver/Src/stm32f1xx_hal_cortex.o
                0x0000000008000ae0                HAL_NVIC_SetPriorityGrouping
 .text.HAL_NVIC_SetPriority
                0x0000000008000af6       0x38 ./Drivers/STM32F1xx_HAL_Driver/Src/stm32f1xx_hal_cortex.o
                0x0000000008000af6                HAL_NVIC_SetPriority
 .text.HAL_NVIC_EnableIRQ
                0x0000000008000b2e       0x1c ./Drivers/STM32F1xx_HAL_Driver/Src/stm32f1xx_hal_cortex.o
                0x0000000008000b2e                HAL_NVIC_EnableIRQ
 .text.HAL_SYSTICK_Config
                0x0000000008000b4a       0x18 ./Drivers/STM32F1xx_HAL_Driver/Src/stm32f1xx_hal_cortex.o
                0x0000000008000b4a                HAL_SYSTICK_Config
 .text.HAL_DMA_Abort
                0x0000000008000b62       0x76 ./Drivers/STM32F1xx_HAL_Driver/Src/stm32f1xx_hal_dma.o
                0x0000000008000b62                HAL_DMA_Abort
 .text.HAL_DMA_Abort_IT
                0x0000000008000bd8       0xf0 ./Drivers/STM32F1xx_HAL_Driver/Src/stm32f1xx_hal_dma.o
                0x0000000008000bd8                HAL_DMA_Abort_IT
 .text.HAL_GPIO_Init
                0x0000000008000cc8      0x308 ./Drivers/STM32F1xx_HAL_Driver/Src/stm32f1xx_hal_gpio.o
                0x0000000008000cc8                HAL_GPIO_Init
 .text.HAL_GPIO_WritePin
                0x0000000008000fd0       0x30 ./Drivers/STM32F1xx_HAL_Driver/Src/stm32f1xx_hal_gpio.o
                0x0000000008000fd0                HAL_GPIO_WritePin
 .text.HAL_RCC_OscConfig
                0x0000000008001000      0x504 ./Drivers/STM32F1xx_HAL_Driver/Src/stm32f1xx_hal_rcc.o
                0x0000000008001000                HAL_RCC_OscConfig
 .text.HAL_RCC_ClockConfig
                0x0000000008001504      0x1d4 ./Drivers/STM32F1xx_HAL_Driver/Src/stm32f1xx_hal_rcc.o
                0x0000000008001504                HAL_RCC_ClockConfig
 .text.HAL_RCC_GetSysClockFreq
                0x00000000080016d8       0xa8 ./Drivers/STM32F1xx_HAL_Driver/Src/stm32f1xx_hal_rcc.o
                0x00000000080016d8                HAL_RCC_GetSysClockFreq
 .text.HAL_RCC_GetHCLKFreq
                0x0000000008001780       0x14 ./Drivers/STM32F1xx_HAL_Driver/Src/stm32f1xx_hal_rcc.o
                0x0000000008001780                HAL_RCC_GetHCLKFreq
 .text.HAL_RCC_GetPCLK1Freq
                0x0000000008001794       0x28 ./Drivers/STM32F1xx_HAL_Driver/Src/stm32f1xx_hal_rcc.o
                0x0000000008001794                HAL_RCC_GetPCLK1Freq
 .text.HAL_RCC_GetPCLK2Freq
                0x00000000080017bc       0x28 ./Drivers/STM32F1xx_HAL_Driver/Src/stm32f1xx_hal_rcc.o
                0x00000000080017bc                HAL_RCC_GetPCLK2Freq
 .text.RCC_Delay
                0x00000000080017e4       0x3c ./Drivers/STM32F1xx_HAL_Driver/Src/stm32f1xx_hal_rcc.o
 .text.HAL_TIM_Base_Init
                0x0000000008001820       0x9e ./Drivers/STM32F1xx_HAL_Driver/Src/stm32f1xx_hal_tim.o
                0x0000000008001820                HAL_TIM_Base_Init
 *fill*         0x00000000080018be        0x2 
 .text.HAL_TIM_Base_Start_IT
                0x00000000080018c0       0xa4 ./Drivers/STM32F1xx_HAL_Driver/Src/stm32f1xx_hal_tim.o
                0x00000000080018c0                HAL_TIM_Base_Start_IT
 .text.HAL_TIM_IRQHandler
                0x0000000008001964      0x210 ./Drivers/STM32F1xx_HAL_Driver/Src/stm32f1xx_hal_tim.o
                0x0000000008001964                HAL_TIM_IRQHandler
 .text.HAL_TIM_ConfigClockSource
                0x0000000008001b74      0x18e ./Drivers/STM32F1xx_HAL_Driver/Src/stm32f1xx_hal_tim.o
                0x0000000008001b74                HAL_TIM_ConfigClockSource
 .text.HAL_TIM_PeriodElapsedCallback
                0x0000000008001d02       0x12 ./Drivers/STM32F1xx_HAL_Driver/Src/stm32f1xx_hal_tim.o
                0x0000000008001d02                HAL_TIM_PeriodElapsedCallback
 .text.HAL_TIM_OC_DelayElapsedCallback
                0x0000000008001d14       0x12 ./Drivers/STM32F1xx_HAL_Driver/Src/stm32f1xx_hal_tim.o
                0x0000000008001d14                HAL_TIM_OC_DelayElapsedCallback
 .text.HAL_TIM_IC_CaptureCallback
                0x0000000008001d26       0x12 ./Drivers/STM32F1xx_HAL_Driver/Src/stm32f1xx_hal_tim.o
                0x0000000008001d26                HAL_TIM_IC_CaptureCallback
 .text.HAL_TIM_PWM_PulseFinishedCallback
                0x0000000008001d38       0x12 ./Drivers/STM32F1xx_HAL_Driver/Src/stm32f1xx_hal_tim.o
                0x0000000008001d38                HAL_TIM_PWM_PulseFinishedCallback
 .text.HAL_TIM_TriggerCallback
                0x0000000008001d4a       0x12 ./Drivers/STM32F1xx_HAL_Driver/Src/stm32f1xx_hal_tim.o
                0x0000000008001d4a                HAL_TIM_TriggerCallback
 .text.TIM_Base_SetConfig
                0x0000000008001d5c       0xc4 ./Drivers/STM32F1xx_HAL_Driver/Src/stm32f1xx_hal_tim.o
                0x0000000008001d5c                TIM_Base_SetConfig
 .text.TIM_TI1_ConfigInputStage
                0x0000000008001e20       0x5c ./Drivers/STM32F1xx_HAL_Driver/Src/stm32f1xx_hal_tim.o
 .text.TIM_TI2_ConfigInputStage
                0x0000000008001e7c       0x5e ./Drivers/STM32F1xx_HAL_Driver/Src/stm32f1xx_hal_tim.o
 .text.TIM_ITRx_SetConfig
                0x0000000008001eda       0x34 ./Drivers/STM32F1xx_HAL_Driver/Src/stm32f1xx_hal_tim.o
 .text.TIM_ETR_SetConfig
                0x0000000008001f0e       0x3e ./Drivers/STM32F1xx_HAL_Driver/Src/stm32f1xx_hal_tim.o
                0x0000000008001f0e                TIM_ETR_SetConfig
 .text.HAL_TIMEx_MasterConfigSynchronization
                0x0000000008001f4c       0xbc ./Drivers/STM32F1xx_HAL_Driver/Src/stm32f1xx_hal_tim_ex.o
                0x0000000008001f4c                HAL_TIMEx_MasterConfigSynchronization
 .text.HAL_TIMEx_CommutCallback
                0x0000000008002008       0x12 ./Drivers/STM32F1xx_HAL_Driver/Src/stm32f1xx_hal_tim_ex.o
                0x0000000008002008                HAL_TIMEx_CommutCallback
 .text.HAL_TIMEx_BreakCallback
                0x000000000800201a       0x12 ./Drivers/STM32F1xx_HAL_Driver/Src/stm32f1xx_hal_tim_ex.o
                0x000000000800201a                HAL_TIMEx_BreakCallback
 .text.HAL_UART_Init
                0x000000000800202c       0xa0 ./Drivers/STM32F1xx_HAL_Driver/Src/stm32f1xx_hal_uart.o
                0x000000000800202c                HAL_UART_Init
 .text.HAL_UART_Transmit
                0x00000000080020cc      0x106 ./Drivers/STM32F1xx_HAL_Driver/Src/stm32f1xx_hal_uart.o
                0x00000000080020cc                HAL_UART_Transmit
 .text.HAL_UART_Receive
                0x00000000080021d2      0x124 ./Drivers/STM32F1xx_HAL_Driver/Src/stm32f1xx_hal_uart.o
                0x00000000080021d2                HAL_UART_Receive
 *fill*         0x00000000080022f6        0x2 
 .text.HAL_UART_IRQHandler
                0x00000000080022f8      0x524 ./Drivers/STM32F1xx_HAL_Driver/Src/stm32f1xx_hal_uart.o
                0x00000000080022f8                HAL_UART_IRQHandler
 .text.HAL_UART_TxCpltCallback
                0x000000000800281c       0x12 ./Drivers/STM32F1xx_HAL_Driver/Src/stm32f1xx_hal_uart.o
                0x000000000800281c                HAL_UART_TxCpltCallback
 .text.HAL_UART_RxCpltCallback
                0x000000000800282e       0x12 ./Drivers/STM32F1xx_HAL_Driver/Src/stm32f1xx_hal_uart.o
                0x000000000800282e                HAL_UART_RxCpltCallback
 .text.HAL_UART_ErrorCallback
                0x0000000008002840       0x12 ./Drivers/STM32F1xx_HAL_Driver/Src/stm32f1xx_hal_uart.o
                0x0000000008002840                HAL_UART_ErrorCallback
 .text.HAL_UARTEx_RxEventCallback
                0x0000000008002852       0x16 ./Drivers/STM32F1xx_HAL_Driver/Src/stm32f1xx_hal_uart.o
                0x0000000008002852                HAL_UARTEx_RxEventCallback
 .text.UART_WaitOnFlagUntilTimeout
                0x0000000008002868       0xdc ./Drivers/STM32F1xx_HAL_Driver/Src/stm32f1xx_hal_uart.o
 .text.UART_EndRxTransfer
                0x0000000008002944       0xc4 ./Drivers/STM32F1xx_HAL_Driver/Src/stm32f1xx_hal_uart.o
 .text.UART_DMAAbortOnError
                0x0000000008002a08       0x28 ./Drivers/STM32F1xx_HAL_Driver/Src/stm32f1xx_hal_uart.o
 .text.UART_Transmit_IT
                0x0000000008002a30       0x9e ./Drivers/STM32F1xx_HAL_Driver/Src/stm32f1xx_hal_uart.o
 .text.UART_EndTransmit_IT
                0x0000000008002ace       0x30 ./Drivers/STM32F1xx_HAL_Driver/Src/stm32f1xx_hal_uart.o
 .text.UART_Receive_IT
                0x0000000008002afe      0x17c ./Drivers/STM32F1xx_HAL_Driver/Src/stm32f1xx_hal_uart.o
 *fill*         0x0000000008002c7a        0x2 
 .text.UART_SetConfig
                0x0000000008002c7c      0x11c ./Drivers/STM32F1xx_HAL_Driver/Src/stm32f1xx_hal_uart.o
 .text.memset   0x0000000008002d98       0x10 D:/Shankar/Stm32 garbage/STM32CubeIDE_1.13.2/STM32CubeIDE/plugins/com.st.stm32cube.ide.mcu.externaltools.gnu-tools-for-stm32.11.3.rel1.win32_1.1.1.202309131626/tools/bin/../lib/gcc/arm-none-eabi/11.3.1/../../../../arm-none-eabi/lib/thumb/v7-m/nofp\libc_nano.a(libc_a-memset.o)
                0x0000000008002d98                memset
 .text.__libc_init_array
                0x0000000008002da8       0x48 D:/Shankar/Stm32 garbage/STM32CubeIDE_1.13.2/STM32CubeIDE/plugins/com.st.stm32cube.ide.mcu.externaltools.gnu-tools-for-stm32.11.3.rel1.win32_1.1.1.202309131626/tools/bin/../lib/gcc/arm-none-eabi/11.3.1/../../../../arm-none-eabi/lib/thumb/v7-m/nofp\libc_nano.a(libc_a-init.o)
                0x0000000008002da8                __libc_init_array
 *(.glue_7)
 .glue_7        0x0000000008002df0        0x0 linker stubs
 *(.glue_7t)
 .glue_7t       0x0000000008002df0        0x0 linker stubs
 *(.eh_frame)
 .eh_frame      0x0000000008002df0        0x0 D:/Shankar/Stm32 garbage/STM32CubeIDE_1.13.2/STM32CubeIDE/plugins/com.st.stm32cube.ide.mcu.externaltools.gnu-tools-for-stm32.11.3.rel1.win32_1.1.1.202309131626/tools/bin/../lib/gcc/arm-none-eabi/11.3.1/thumb/v7-m/nofp/crtbegin.o
 *(.init)
 .init          0x0000000008002df0        0x4 D:/Shankar/Stm32 garbage/STM32CubeIDE_1.13.2/STM32CubeIDE/plugins/com.st.stm32cube.ide.mcu.externaltools.gnu-tools-for-stm32.11.3.rel1.win32_1.1.1.202309131626/tools/bin/../lib/gcc/arm-none-eabi/11.3.1/thumb/v7-m/nofp/crti.o
                0x0000000008002df0                _init
 .init          0x0000000008002df4        0x8 D:/Shankar/Stm32 garbage/STM32CubeIDE_1.13.2/STM32CubeIDE/plugins/com.st.stm32cube.ide.mcu.externaltools.gnu-tools-for-stm32.11.3.rel1.win32_1.1.1.202309131626/tools/bin/../lib/gcc/arm-none-eabi/11.3.1/thumb/v7-m/nofp/crtn.o
 *(.fini)
 .fini          0x0000000008002dfc        0x4 D:/Shankar/Stm32 garbage/STM32CubeIDE_1.13.2/STM32CubeIDE/plugins/com.st.stm32cube.ide.mcu.externaltools.gnu-tools-for-stm32.11.3.rel1.win32_1.1.1.202309131626/tools/bin/../lib/gcc/arm-none-eabi/11.3.1/thumb/v7-m/nofp/crti.o
                0x0000000008002dfc                _fini
 .fini          0x0000000008002e00        0x8 D:/Shankar/Stm32 garbage/STM32CubeIDE_1.13.2/STM32CubeIDE/plugins/com.st.stm32cube.ide.mcu.externaltools.gnu-tools-for-stm32.11.3.rel1.win32_1.1.1.202309131626/tools/bin/../lib/gcc/arm-none-eabi/11.3.1/thumb/v7-m/nofp/crtn.o
                0x0000000008002e08                . = ALIGN (0x4)
                0x0000000008002e08                _etext = .

.vfp11_veneer   0x0000000008002e08        0x0
 .vfp11_veneer  0x0000000008002e08        0x0 linker stubs

.v4_bx          0x0000000008002e08        0x0
 .v4_bx         0x0000000008002e08        0x0 linker stubs

.iplt           0x0000000008002e08        0x0
 .iplt          0x0000000008002e08        0x0 D:/Shankar/Stm32 garbage/STM32CubeIDE_1.13.2/STM32CubeIDE/plugins/com.st.stm32cube.ide.mcu.externaltools.gnu-tools-for-stm32.11.3.rel1.win32_1.1.1.202309131626/tools/bin/../lib/gcc/arm-none-eabi/11.3.1/thumb/v7-m/nofp/crtbegin.o

.rodata         0x0000000008002e08       0x5c
                0x0000000008002e08                . = ALIGN (0x4)
 *(.rodata)
 .rodata        0x0000000008002e08       0x2e ./Core/Src/mylibrary.o
 *(.rodata*)
 *fill*         0x0000000008002e36        0x2 
 .rodata.AHBPrescTable
                0x0000000008002e38       0x10 ./Core/Src/system_stm32f1xx.o
                0x0000000008002e38                AHBPrescTable
 .rodata.APBPrescTable
                0x0000000008002e48        0x8 ./Core/Src/system_stm32f1xx.o
                0x0000000008002e48                APBPrescTable
 .rodata.aPLLMULFactorTable.1
                0x0000000008002e50       0x10 ./Drivers/STM32F1xx_HAL_Driver/Src/stm32f1xx_hal_rcc.o
 .rodata.aPredivFactorTable.0
                0x0000000008002e60        0x2 ./Drivers/STM32F1xx_HAL_Driver/Src/stm32f1xx_hal_rcc.o
                0x0000000008002e64                . = ALIGN (0x4)
 *fill*         0x0000000008002e62        0x2 

.rel.dyn        0x0000000008002e64        0x0
 .rel.iplt      0x0000000008002e64        0x0 D:/Shankar/Stm32 garbage/STM32CubeIDE_1.13.2/STM32CubeIDE/plugins/com.st.stm32cube.ide.mcu.externaltools.gnu-tools-for-stm32.11.3.rel1.win32_1.1.1.202309131626/tools/bin/../lib/gcc/arm-none-eabi/11.3.1/thumb/v7-m/nofp/crtbegin.o

.ARM.extab      0x0000000008002e64        0x0
                0x0000000008002e64                . = ALIGN (0x4)
 *(.ARM.extab* .gnu.linkonce.armextab.*)
                0x0000000008002e64                . = ALIGN (0x4)

.ARM            0x0000000008002e64        0x0
                0x0000000008002e64                . = ALIGN (0x4)
                0x0000000008002e64                __exidx_start = .
 *(.ARM.exidx*)
                0x0000000008002e64                __exidx_end = .
                0x0000000008002e64                . = ALIGN (0x4)

.preinit_array  0x0000000008002e64        0x0
                0x0000000008002e64                . = ALIGN (0x4)
                0x0000000008002e64                PROVIDE (__preinit_array_start = .)
 *(.preinit_array*)
                0x0000000008002e64                PROVIDE (__preinit_array_end = .)
                0x0000000008002e64                . = ALIGN (0x4)

.init_array     0x0000000008002e64        0x4
                0x0000000008002e64                . = ALIGN (0x4)
                0x0000000008002e64                PROVIDE (__init_array_start = .)
 *(SORT_BY_NAME(.init_array.*))
 *(.init_array*)
 .init_array    0x0000000008002e64        0x4 D:/Shankar/Stm32 garbage/STM32CubeIDE_1.13.2/STM32CubeIDE/plugins/com.st.stm32cube.ide.mcu.externaltools.gnu-tools-for-stm32.11.3.rel1.win32_1.1.1.202309131626/tools/bin/../lib/gcc/arm-none-eabi/11.3.1/thumb/v7-m/nofp/crtbegin.o
                0x0000000008002e68                PROVIDE (__init_array_end = .)
                0x0000000008002e68                . = ALIGN (0x4)

.fini_array     0x0000000008002e68        0x4
                0x0000000008002e68                . = ALIGN (0x4)
                [!provide]                        PROVIDE (__fini_array_start = .)
 *(SORT_BY_NAME(.fini_array.*))
 *(.fini_array*)
 .fini_array    0x0000000008002e68        0x4 D:/Shankar/Stm32 garbage/STM32CubeIDE_1.13.2/STM32CubeIDE/plugins/com.st.stm32cube.ide.mcu.externaltools.gnu-tools-for-stm32.11.3.rel1.win32_1.1.1.202309131626/tools/bin/../lib/gcc/arm-none-eabi/11.3.1/thumb/v7-m/nofp/crtbegin.o
                [!provide]                        PROVIDE (__fini_array_end = .)
                0x0000000008002e6c                . = ALIGN (0x4)
                0x0000000008002e6c                _sidata = LOADADDR (.data)

.data           0x0000000020000000        0xc load address 0x0000000008002e6c
                0x0000000020000000                . = ALIGN (0x4)
                0x0000000020000000                _sdata = .
 *(.data)
 *(.data*)
 .data.SystemCoreClock
                0x0000000020000000        0x4 ./Core/Src/system_stm32f1xx.o
                0x0000000020000000                SystemCoreClock
 .data.uwTickPrio
                0x0000000020000004        0x4 ./Drivers/STM32F1xx_HAL_Driver/Src/stm32f1xx_hal.o
                0x0000000020000004                uwTickPrio
 .data.uwTickFreq
                0x0000000020000008        0x1 ./Drivers/STM32F1xx_HAL_Driver/Src/stm32f1xx_hal.o
                0x0000000020000008                uwTickFreq
                0x000000002000000c                . = ALIGN (0x4)
 *fill*         0x0000000020000009        0x3 
                0x000000002000000c                _edata = .

.igot.plt       0x000000002000000c        0x0 load address 0x0000000008002e78
 .igot.plt      0x000000002000000c        0x0 D:/Shankar/Stm32 garbage/STM32CubeIDE_1.13.2/STM32CubeIDE/plugins/com.st.stm32cube.ide.mcu.externaltools.gnu-tools-for-stm32.11.3.rel1.win32_1.1.1.202309131626/tools/bin/../lib/gcc/arm-none-eabi/11.3.1/thumb/v7-m/nofp/crtbegin.o
                0x000000002000000c                . = ALIGN (0x4)

.bss            0x000000002000000c       0xe4 load address 0x0000000008002e78
                0x000000002000000c                _sbss = .
                0x000000002000000c                __bss_start__ = _sbss
 *(.bss)
 .bss           0x000000002000000c       0x1c D:/Shankar/Stm32 garbage/STM32CubeIDE_1.13.2/STM32CubeIDE/plugins/com.st.stm32cube.ide.mcu.externaltools.gnu-tools-for-stm32.11.3.rel1.win32_1.1.1.202309131626/tools/bin/../lib/gcc/arm-none-eabi/11.3.1/thumb/v7-m/nofp/crtbegin.o
 *(.bss*)
 .bss.htim2     0x0000000020000028       0x48 ./Core/Src/main.o
                0x0000000020000028                htim2
 .bss.huart2    0x0000000020000070       0x48 ./Core/Src/main.o
                0x0000000020000070                huart2
 .bss.buffer    0x00000000200000b8       0x32 ./Core/Src/mylibrary.o
                0x00000000200000b8                buffer
 .bss.timer_count
                0x00000000200000ea        0x1 ./Core/Src/mylibrary.o
                0x00000000200000ea                timer_count
 .bss.buffer_index
                0x00000000200000eb        0x1 ./Core/Src/mylibrary.o
                0x00000000200000eb                buffer_index
 .bss.uwTick    0x00000000200000ec        0x4 ./Drivers/STM32F1xx_HAL_Driver/Src/stm32f1xx_hal.o
                0x00000000200000ec                uwTick
 *(COMMON)
                0x00000000200000f0                . = ALIGN (0x4)
                0x00000000200000f0                _ebss = .
                0x00000000200000f0                __bss_end__ = _ebss

._user_heap_stack
                0x00000000200000f0      0x600 load address 0x0000000008002e78
                0x00000000200000f0                . = ALIGN (0x8)
                0x00000000200000f0                PROVIDE (end = .)
                [!provide]                        PROVIDE (_end = .)
                0x00000000200002f0                . = (. + _Min_Heap_Size)
 *fill*         0x00000000200000f0      0x200 
                0x00000000200006f0                . = (. + _Min_Stack_Size)
 *fill*         0x00000000200002f0      0x400 
                0x00000000200006f0                . = ALIGN (0x8)

/DISCARD/
 libc.a(*)
 libm.a(*)
 libgcc.a(*)

.ARM.attributes
                0x0000000000000000       0x29
 *(.ARM.attributes)
 .ARM.attributes
                0x0000000000000000       0x1d D:/Shankar/Stm32 garbage/STM32CubeIDE_1.13.2/STM32CubeIDE/plugins/com.st.stm32cube.ide.mcu.externaltools.gnu-tools-for-stm32.11.3.rel1.win32_1.1.1.202309131626/tools/bin/../lib/gcc/arm-none-eabi/11.3.1/thumb/v7-m/nofp/crti.o
 .ARM.attributes
                0x000000000000001d       0x2d D:/Shankar/Stm32 garbage/STM32CubeIDE_1.13.2/STM32CubeIDE/plugins/com.st.stm32cube.ide.mcu.externaltools.gnu-tools-for-stm32.11.3.rel1.win32_1.1.1.202309131626/tools/bin/../lib/gcc/arm-none-eabi/11.3.1/thumb/v7-m/nofp/crtbegin.o
 .ARM.attributes
                0x000000000000004a       0x2d ./Core/Src/main.o
 .ARM.attributes
                0x0000000000000077       0x2d ./Core/Src/mylibrary.o
 .ARM.attributes
                0x00000000000000a4       0x2d ./Core/Src/stm32f1xx_hal_msp.o
 .ARM.attributes
                0x00000000000000d1       0x2d ./Core/Src/stm32f1xx_it.o
 .ARM.attributes
                0x00000000000000fe       0x2d ./Core/Src/system_stm32f1xx.o
 .ARM.attributes
                0x000000000000012b       0x21 ./Core/Startup/startup_stm32f103c8tx.o
 .ARM.attributes
                0x000000000000014c       0x2d ./Drivers/STM32F1xx_HAL_Driver/Src/stm32f1xx_hal.o
 .ARM.attributes
                0x0000000000000179       0x2d ./Drivers/STM32F1xx_HAL_Driver/Src/stm32f1xx_hal_cortex.o
 .ARM.attributes
                0x00000000000001a6       0x2d ./Drivers/STM32F1xx_HAL_Driver/Src/stm32f1xx_hal_dma.o
 .ARM.attributes
                0x00000000000001d3       0x2d ./Drivers/STM32F1xx_HAL_Driver/Src/stm32f1xx_hal_gpio.o
 .ARM.attributes
                0x0000000000000200       0x2d ./Drivers/STM32F1xx_HAL_Driver/Src/stm32f1xx_hal_rcc.o
 .ARM.attributes
                0x000000000000022d       0x2d ./Drivers/STM32F1xx_HAL_Driver/Src/stm32f1xx_hal_tim.o
 .ARM.attributes
                0x000000000000025a       0x2d ./Drivers/STM32F1xx_HAL_Driver/Src/stm32f1xx_hal_tim_ex.o
 .ARM.attributes
                0x0000000000000287       0x2d ./Drivers/STM32F1xx_HAL_Driver/Src/stm32f1xx_hal_uart.o
 .ARM.attributes
                0x00000000000002b4       0x2d D:/Shankar/Stm32 garbage/STM32CubeIDE_1.13.2/STM32CubeIDE/plugins/com.st.stm32cube.ide.mcu.externaltools.gnu-tools-for-stm32.11.3.rel1.win32_1.1.1.202309131626/tools/bin/../lib/gcc/arm-none-eabi/11.3.1/../../../../arm-none-eabi/lib/thumb/v7-m/nofp\libc_nano.a(libc_a-memset.o)
 .ARM.attributes
                0x00000000000002e1       0x2d D:/Shankar/Stm32 garbage/STM32CubeIDE_1.13.2/STM32CubeIDE/plugins/com.st.stm32cube.ide.mcu.externaltools.gnu-tools-for-stm32.11.3.rel1.win32_1.1.1.202309131626/tools/bin/../lib/gcc/arm-none-eabi/11.3.1/../../../../arm-none-eabi/lib/thumb/v7-m/nofp\libc_nano.a(libc_a-init.o)
 .ARM.attributes
                0x000000000000030e       0x17 D:/Shankar/Stm32 garbage/STM32CubeIDE_1.13.2/STM32CubeIDE/plugins/com.st.stm32cube.ide.mcu.externaltools.gnu-tools-for-stm32.11.3.rel1.win32_1.1.1.202309131626/tools/bin/../lib/gcc/arm-none-eabi/11.3.1/../../../../arm-none-eabi/lib/thumb/v7-m/nofp\libc_nano.a(libc_a-strlen.o)
 .ARM.attributes
                0x0000000000000325       0x1d D:/Shankar/Stm32 garbage/STM32CubeIDE_1.13.2/STM32CubeIDE/plugins/com.st.stm32cube.ide.mcu.externaltools.gnu-tools-for-stm32.11.3.rel1.win32_1.1.1.202309131626/tools/bin/../lib/gcc/arm-none-eabi/11.3.1/thumb/v7-m/nofp/crtn.o
OUTPUT(STM32F103C8T6_BluetoothClassic.elf elf32-littlearm)
LOAD linker stubs
LOAD D:/Shankar/Stm32 garbage/STM32CubeIDE_1.13.2/STM32CubeIDE/plugins/com.st.stm32cube.ide.mcu.externaltools.gnu-tools-for-stm32.11.3.rel1.win32_1.1.1.202309131626/tools/bin/../lib/gcc/arm-none-eabi/11.3.1/../../../../arm-none-eabi/lib/thumb/v7-m/nofp\libc.a
LOAD D:/Shankar/Stm32 garbage/STM32CubeIDE_1.13.2/STM32CubeIDE/plugins/com.st.stm32cube.ide.mcu.externaltools.gnu-tools-for-stm32.11.3.rel1.win32_1.1.1.202309131626/tools/bin/../lib/gcc/arm-none-eabi/11.3.1/../../../../arm-none-eabi/lib/thumb/v7-m/nofp\libm.a
LOAD D:/Shankar/Stm32 garbage/STM32CubeIDE_1.13.2/STM32CubeIDE/plugins/com.st.stm32cube.ide.mcu.externaltools.gnu-tools-for-stm32.11.3.rel1.win32_1.1.1.202309131626/tools/bin/../lib/gcc/arm-none-eabi/11.3.1/thumb/v7-m/nofp\libgcc.a

.comment        0x0000000000000000       0x43
 .comment       0x0000000000000000       0x43 D:/Shankar/Stm32 garbage/STM32CubeIDE_1.13.2/STM32CubeIDE/plugins/com.st.stm32cube.ide.mcu.externaltools.gnu-tools-for-stm32.11.3.rel1.win32_1.1.1.202309131626/tools/bin/../lib/gcc/arm-none-eabi/11.3.1/thumb/v7-m/nofp/crtbegin.o
                                         0x44 (size before relaxing)
 .comment       0x0000000000000043       0x44 ./Core/Src/main.o
 .comment       0x0000000000000043       0x44 ./Core/Src/mylibrary.o
 .comment       0x0000000000000043       0x44 ./Core/Src/stm32f1xx_hal_msp.o
 .comment       0x0000000000000043       0x44 ./Core/Src/stm32f1xx_it.o
 .comment       0x0000000000000043       0x44 ./Core/Src/system_stm32f1xx.o
 .comment       0x0000000000000043       0x44 ./Drivers/STM32F1xx_HAL_Driver/Src/stm32f1xx_hal.o
 .comment       0x0000000000000043       0x44 ./Drivers/STM32F1xx_HAL_Driver/Src/stm32f1xx_hal_cortex.o
 .comment       0x0000000000000043       0x44 ./Drivers/STM32F1xx_HAL_Driver/Src/stm32f1xx_hal_dma.o
 .comment       0x0000000000000043       0x44 ./Drivers/STM32F1xx_HAL_Driver/Src/stm32f1xx_hal_gpio.o
 .comment       0x0000000000000043       0x44 ./Drivers/STM32F1xx_HAL_Driver/Src/stm32f1xx_hal_rcc.o
 .comment       0x0000000000000043       0x44 ./Drivers/STM32F1xx_HAL_Driver/Src/stm32f1xx_hal_tim.o
 .comment       0x0000000000000043       0x44 ./Drivers/STM32F1xx_HAL_Driver/Src/stm32f1xx_hal_tim_ex.o
 .comment       0x0000000000000043       0x44 ./Drivers/STM32F1xx_HAL_Driver/Src/stm32f1xx_hal_uart.o

.debug_info     0x0000000000000000     0xc451
 .debug_info    0x0000000000000000      0xe6b ./Core/Src/main.o
 .debug_info    0x0000000000000e6b      0x761 ./Core/Src/mylibrary.o
 .debug_info    0x00000000000015cc      0xd2d ./Core/Src/stm32f1xx_hal_msp.o
 .debug_info    0x00000000000022f9      0x9ed ./Core/Src/stm32f1xx_it.o
 .debug_info    0x0000000000002ce6      0x3ed ./Core/Src/system_stm32f1xx.o
 .debug_info    0x00000000000030d3       0x23 ./Core/Startup/startup_stm32f103c8tx.o
 .debug_info    0x00000000000030f6      0x704 ./Drivers/STM32F1xx_HAL_Driver/Src/stm32f1xx_hal.o
 .debug_info    0x00000000000037fa      0xa87 ./Drivers/STM32F1xx_HAL_Driver/Src/stm32f1xx_hal_cortex.o
 .debug_info    0x0000000000004281      0x6d2 ./Drivers/STM32F1xx_HAL_Driver/Src/stm32f1xx_hal_dma.o
 .debug_info    0x0000000000004953      0x5ab ./Drivers/STM32F1xx_HAL_Driver/Src/stm32f1xx_hal_gpio.o
 .debug_info    0x0000000000004efe      0x7d5 ./Drivers/STM32F1xx_HAL_Driver/Src/stm32f1xx_hal_rcc.o
 .debug_info    0x00000000000056d3     0x293b ./Drivers/STM32F1xx_HAL_Driver/Src/stm32f1xx_hal_tim.o
 .debug_info    0x000000000000800e     0x149b ./Drivers/STM32F1xx_HAL_Driver/Src/stm32f1xx_hal_tim_ex.o
 .debug_info    0x00000000000094a9     0x2fa8 ./Drivers/STM32F1xx_HAL_Driver/Src/stm32f1xx_hal_uart.o

.debug_abbrev   0x0000000000000000     0x1ce5
 .debug_abbrev  0x0000000000000000      0x28e ./Core/Src/main.o
 .debug_abbrev  0x000000000000028e      0x1f0 ./Core/Src/mylibrary.o
 .debug_abbrev  0x000000000000047e      0x1dd ./Core/Src/stm32f1xx_hal_msp.o
 .debug_abbrev  0x000000000000065b      0x1c9 ./Core/Src/stm32f1xx_it.o
 .debug_abbrev  0x0000000000000824      0x13d ./Core/Src/system_stm32f1xx.o
 .debug_abbrev  0x0000000000000961       0x12 ./Core/Startup/startup_stm32f103c8tx.o
 .debug_abbrev  0x0000000000000973      0x201 ./Drivers/STM32F1xx_HAL_Driver/Src/stm32f1xx_hal.o
 .debug_abbrev  0x0000000000000b74      0x2f8 ./Drivers/STM32F1xx_HAL_Driver/Src/stm32f1xx_hal_cortex.o
 .debug_abbrev  0x0000000000000e6c      0x20b ./Drivers/STM32F1xx_HAL_Driver/Src/stm32f1xx_hal_dma.o
 .debug_abbrev  0x0000000000001077      0x1ca ./Drivers/STM32F1xx_HAL_Driver/Src/stm32f1xx_hal_gpio.o
 .debug_abbrev  0x0000000000001241      0x2b3 ./Drivers/STM32F1xx_HAL_Driver/Src/stm32f1xx_hal_rcc.o
 .debug_abbrev  0x00000000000014f4      0x277 ./Drivers/STM32F1xx_HAL_Driver/Src/stm32f1xx_hal_tim.o
 .debug_abbrev  0x000000000000176b      0x282 ./Drivers/STM32F1xx_HAL_Driver/Src/stm32f1xx_hal_tim_ex.o
 .debug_abbrev  0x00000000000019ed      0x2f8 ./Drivers/STM32F1xx_HAL_Driver/Src/stm32f1xx_hal_uart.o

.debug_aranges  0x0000000000000000      0xbf8
 .debug_aranges
                0x0000000000000000       0x48 ./Core/Src/main.o
 .debug_aranges
                0x0000000000000048       0x28 ./Core/Src/mylibrary.o
 .debug_aranges
                0x0000000000000070       0x40 ./Core/Src/stm32f1xx_hal_msp.o
 .debug_aranges
                0x00000000000000b0       0x70 ./Core/Src/stm32f1xx_it.o
 .debug_aranges
                0x0000000000000120       0x28 ./Core/Src/system_stm32f1xx.o
 .debug_aranges
                0x0000000000000148       0x28 ./Core/Startup/startup_stm32f103c8tx.o
 .debug_aranges
                0x0000000000000170       0xe0 ./Drivers/STM32F1xx_HAL_Driver/Src/stm32f1xx_hal.o
 .debug_aranges
                0x0000000000000250      0x100 ./Drivers/STM32F1xx_HAL_Driver/Src/stm32f1xx_hal_cortex.o
 .debug_aranges
                0x0000000000000350       0x80 ./Drivers/STM32F1xx_HAL_Driver/Src/stm32f1xx_hal_dma.o
 .debug_aranges
                0x00000000000003d0       0x58 ./Drivers/STM32F1xx_HAL_Driver/Src/stm32f1xx_hal_gpio.o
 .debug_aranges
                0x0000000000000428       0x90 ./Drivers/STM32F1xx_HAL_Driver/Src/stm32f1xx_hal_rcc.o
 .debug_aranges
                0x00000000000004b8      0x3d0 ./Drivers/STM32F1xx_HAL_Driver/Src/stm32f1xx_hal_tim.o
 .debug_aranges
                0x0000000000000888      0x168 ./Drivers/STM32F1xx_HAL_Driver/Src/stm32f1xx_hal_tim_ex.o
 .debug_aranges
                0x00000000000009f0      0x208 ./Drivers/STM32F1xx_HAL_Driver/Src/stm32f1xx_hal_uart.o

.debug_rnglists
                0x0000000000000000      0x964
 .debug_rnglists
                0x0000000000000000       0x34 ./Core/Src/main.o
 .debug_rnglists
                0x0000000000000034       0x1a ./Core/Src/mylibrary.o
 .debug_rnglists
                0x000000000000004e       0x2c ./Core/Src/stm32f1xx_hal_msp.o
 .debug_rnglists
                0x000000000000007a       0x4f ./Core/Src/stm32f1xx_it.o
 .debug_rnglists
                0x00000000000000c9       0x1a ./Core/Src/system_stm32f1xx.o
 .debug_rnglists
                0x00000000000000e3       0x19 ./Core/Startup/startup_stm32f103c8tx.o
 .debug_rnglists
                0x00000000000000fc       0xa3 ./Drivers/STM32F1xx_HAL_Driver/Src/stm32f1xx_hal.o
 .debug_rnglists
                0x000000000000019f       0xbb ./Drivers/STM32F1xx_HAL_Driver/Src/stm32f1xx_hal_cortex.o
 .debug_rnglists
                0x000000000000025a       0x64 ./Drivers/STM32F1xx_HAL_Driver/Src/stm32f1xx_hal_dma.o
 .debug_rnglists
                0x00000000000002be       0x3f ./Drivers/STM32F1xx_HAL_Driver/Src/stm32f1xx_hal_gpio.o
 .debug_rnglists
                0x00000000000002fd       0x6c ./Drivers/STM32F1xx_HAL_Driver/Src/stm32f1xx_hal_rcc.o
 .debug_rnglists
                0x0000000000000369      0x31a ./Drivers/STM32F1xx_HAL_Driver/Src/stm32f1xx_hal_tim.o
 .debug_rnglists
                0x0000000000000683      0x125 ./Drivers/STM32F1xx_HAL_Driver/Src/stm32f1xx_hal_tim_ex.o
 .debug_rnglists
                0x00000000000007a8      0x1bc ./Drivers/STM32F1xx_HAL_Driver/Src/stm32f1xx_hal_uart.o

.debug_macro    0x0000000000000000    0x17857
 .debug_macro   0x0000000000000000      0x28e ./Core/Src/main.o
 .debug_macro   0x000000000000028e      0xa9c ./Core/Src/main.o
 .debug_macro   0x0000000000000d2a      0x21b ./Core/Src/main.o
 .debug_macro   0x0000000000000f45       0x2e ./Core/Src/main.o
 .debug_macro   0x0000000000000f73       0x22 ./Core/Src/main.o
 .debug_macro   0x0000000000000f95       0x22 ./Core/Src/main.o
 .debug_macro   0x0000000000000fb7       0x8e ./Core/Src/main.o
 .debug_macro   0x0000000000001045       0x51 ./Core/Src/main.o
 .debug_macro   0x0000000000001096      0x103 ./Core/Src/main.o
 .debug_macro   0x0000000000001199       0x6a ./Core/Src/main.o
 .debug_macro   0x0000000000001203      0x1df ./Core/Src/main.o
 .debug_macro   0x00000000000013e2       0x1c ./Core/Src/main.o
 .debug_macro   0x00000000000013fe       0x22 ./Core/Src/main.o
 .debug_macro   0x0000000000001420       0xbd ./Core/Src/main.o
 .debug_macro   0x00000000000014dd      0xd23 ./Core/Src/main.o
 .debug_macro   0x0000000000002200     0xe09e ./Core/Src/main.o
 .debug_macro   0x000000000001029e       0x6d ./Core/Src/main.o
 .debug_macro   0x000000000001030b     0x348d ./Core/Src/main.o
 .debug_macro   0x0000000000013798      0x174 ./Core/Src/main.o
 .debug_macro   0x000000000001390c       0x5c ./Core/Src/main.o
 .debug_macro   0x0000000000013968      0x5bc ./Core/Src/main.o
 .debug_macro   0x0000000000013f24      0x289 ./Core/Src/main.o
 .debug_macro   0x00000000000141ad      0x1cb ./Core/Src/main.o
 .debug_macro   0x0000000000014378      0x114 ./Core/Src/main.o
 .debug_macro   0x000000000001448c      0x1b2 ./Core/Src/main.o
 .debug_macro   0x000000000001463e       0x27 ./Core/Src/main.o
 .debug_macro   0x0000000000014665      0x136 ./Core/Src/main.o
 .debug_macro   0x000000000001479b      0x1bc ./Core/Src/main.o
 .debug_macro   0x0000000000014957       0x34 ./Core/Src/main.o
 .debug_macro   0x000000000001498b       0x3c ./Core/Src/main.o
 .debug_macro   0x00000000000149c7       0x57 ./Core/Src/main.o
 .debug_macro   0x0000000000014a1e       0x87 ./Core/Src/main.o
 .debug_macro   0x0000000000014aa5      0x240 ./Core/Src/main.o
 .debug_macro   0x0000000000014ce5      0x140 ./Core/Src/main.o
 .debug_macro   0x0000000000014e25      0x8ed ./Core/Src/main.o
 .debug_macro   0x0000000000015712      0x28e ./Core/Src/main.o
 .debug_macro   0x00000000000159a0       0x83 ./Core/Src/main.o
 .debug_macro   0x0000000000015a23       0x1c ./Core/Src/main.o
 .debug_macro   0x0000000000015a3f       0x61 ./Core/Src/main.o
 .debug_macro   0x0000000000015aa0       0x24 ./Core/Src/main.o
 .debug_macro   0x0000000000015ac4       0x43 ./Core/Src/main.o
 .debug_macro   0x0000000000015b07       0x34 ./Core/Src/main.o
 .debug_macro   0x0000000000015b3b       0x16 ./Core/Src/main.o
 .debug_macro   0x0000000000015b51       0x43 ./Core/Src/main.o
 .debug_macro   0x0000000000015b94       0x34 ./Core/Src/main.o
 .debug_macro   0x0000000000015bc8       0x10 ./Core/Src/main.o
 .debug_macro   0x0000000000015bd8       0x58 ./Core/Src/main.o
 .debug_macro   0x0000000000015c30       0x8e ./Core/Src/main.o
 .debug_macro   0x0000000000015cbe       0x1c ./Core/Src/main.o
 .debug_macro   0x0000000000015cda      0x177 ./Core/Src/main.o
 .debug_macro   0x0000000000015e51      0x369 ./Core/Src/main.o
 .debug_macro   0x00000000000161ba       0x10 ./Core/Src/main.o
 .debug_macro   0x00000000000161ca       0x35 ./Core/Src/main.o
 .debug_macro   0x00000000000161ff       0x20 ./Core/Src/main.o
 .debug_macro   0x000000000001621f      0x28a ./Core/Src/mylibrary.o
 .debug_macro   0x00000000000164a9      0x1b2 ./Core/Src/stm32f1xx_hal_msp.o
 .debug_macro   0x000000000001665b      0x298 ./Core/Src/stm32f1xx_it.o
 .debug_macro   0x00000000000168f3      0x1a9 ./Core/Src/system_stm32f1xx.o
 .debug_macro   0x0000000000016a9c      0x1c7 ./Drivers/STM32F1xx_HAL_Driver/Src/stm32f1xx_hal.o
 .debug_macro   0x0000000000016c63      0x1a3 ./Drivers/STM32F1xx_HAL_Driver/Src/stm32f1xx_hal_cortex.o
 .debug_macro   0x0000000000016e06      0x1a3 ./Drivers/STM32F1xx_HAL_Driver/Src/stm32f1xx_hal_dma.o
 .debug_macro   0x0000000000016fa9      0x20e ./Drivers/STM32F1xx_HAL_Driver/Src/stm32f1xx_hal_gpio.o
 .debug_macro   0x00000000000171b7      0x1b5 ./Drivers/STM32F1xx_HAL_Driver/Src/stm32f1xx_hal_rcc.o
 .debug_macro   0x000000000001736c      0x1a4 ./Drivers/STM32F1xx_HAL_Driver/Src/stm32f1xx_hal_tim.o
 .debug_macro   0x0000000000017510      0x1a3 ./Drivers/STM32F1xx_HAL_Driver/Src/stm32f1xx_hal_tim_ex.o
 .debug_macro   0x00000000000176b3      0x1a4 ./Drivers/STM32F1xx_HAL_Driver/Src/stm32f1xx_hal_uart.o

.debug_line     0x0000000000000000     0xe8a6
 .debug_line    0x0000000000000000      0xb3e ./Core/Src/main.o
 .debug_line    0x0000000000000b3e      0xa75 ./Core/Src/mylibrary.o
 .debug_line    0x00000000000015b3      0x837 ./Core/Src/stm32f1xx_hal_msp.o
 .debug_line    0x0000000000001dea      0xb2a ./Core/Src/stm32f1xx_it.o
 .debug_line    0x0000000000002914      0x840 ./Core/Src/system_stm32f1xx.o
 .debug_line    0x0000000000003154       0x76 ./Core/Startup/startup_stm32f103c8tx.o
 .debug_line    0x00000000000031ca      0xa50 ./Drivers/STM32F1xx_HAL_Driver/Src/stm32f1xx_hal.o
 .debug_line    0x0000000000003c1a      0xc38 ./Drivers/STM32F1xx_HAL_Driver/Src/stm32f1xx_hal_cortex.o
 .debug_line    0x0000000000004852      0xea9 ./Drivers/STM32F1xx_HAL_Driver/Src/stm32f1xx_hal_dma.o
 .debug_line    0x00000000000056fb      0xae9 ./Drivers/STM32F1xx_HAL_Driver/Src/stm32f1xx_hal_gpio.o
 .debug_line    0x00000000000061e4      0xe59 ./Drivers/STM32F1xx_HAL_Driver/Src/stm32f1xx_hal_rcc.o
 .debug_line    0x000000000000703d     0x353c ./Drivers/STM32F1xx_HAL_Driver/Src/stm32f1xx_hal_tim.o
 .debug_line    0x000000000000a579     0x19af ./Drivers/STM32F1xx_HAL_Driver/Src/stm32f1xx_hal_tim_ex.o
 .debug_line    0x000000000000bf28     0x297e ./Drivers/STM32F1xx_HAL_Driver/Src/stm32f1xx_hal_uart.o

.debug_str      0x0000000000000000    0x89970
 .debug_str     0x0000000000000000    0x86df6 ./Core/Src/main.o
                                      0x87219 (size before relaxing)
 .debug_str     0x0000000000086df6       0x85 ./Core/Src/mylibrary.o
                                      0x86c6c (size before relaxing)
 .debug_str     0x0000000000086e7b      0x374 ./Core/Src/stm32f1xx_hal_msp.o
                                      0x84140 (size before relaxing)
 .debug_str     0x00000000000871ef      0x123 ./Core/Src/stm32f1xx_it.o
                                      0x86faf (size before relaxing)
 .debug_str     0x0000000000087312       0xee ./Core/Src/system_stm32f1xx.o
                                      0x836cc (size before relaxing)
 .debug_str     0x0000000000087400       0x34 ./Core/Startup/startup_stm32f103c8tx.o
                                         0xb6 (size before relaxing)
 .debug_str     0x0000000000087434      0x384 ./Drivers/STM32F1xx_HAL_Driver/Src/stm32f1xx_hal.o
                                      0x83d85 (size before relaxing)
 .debug_str     0x00000000000877b8      0x240 ./Drivers/STM32F1xx_HAL_Driver/Src/stm32f1xx_hal_cortex.o
                                      0x83cd1 (size before relaxing)
 .debug_str     0x00000000000879f8      0x235 ./Drivers/STM32F1xx_HAL_Driver/Src/stm32f1xx_hal_dma.o
                                      0x839fb (size before relaxing)
 .debug_str     0x0000000000087c2d      0x2e1 ./Drivers/STM32F1xx_HAL_Driver/Src/stm32f1xx_hal_gpio.o
                                      0x839d8 (size before relaxing)
 .debug_str     0x0000000000087f0e      0x229 ./Drivers/STM32F1xx_HAL_Driver/Src/stm32f1xx_hal_rcc.o
                                      0x83a81 (size before relaxing)
 .debug_str     0x0000000000088137      0xdc6 ./Drivers/STM32F1xx_HAL_Driver/Src/stm32f1xx_hal_tim.o
                                      0x84a73 (size before relaxing)
 .debug_str     0x0000000000088efd      0x493 ./Drivers/STM32F1xx_HAL_Driver/Src/stm32f1xx_hal_tim_ex.o
                                      0x8428f (size before relaxing)
 .debug_str     0x0000000000089390      0x5e0 ./Drivers/STM32F1xx_HAL_Driver/Src/stm32f1xx_hal_uart.o
                                      0x840f2 (size before relaxing)

.debug_frame    0x0000000000000000     0x31d8
 .debug_frame   0x0000000000000000       0xd4 ./Core/Src/main.o
 .debug_frame   0x00000000000000d4       0x54 ./Core/Src/mylibrary.o
 .debug_frame   0x0000000000000128       0xc8 ./Core/Src/stm32f1xx_hal_msp.o
 .debug_frame   0x00000000000001f0      0x144 ./Core/Src/stm32f1xx_it.o
 .debug_frame   0x0000000000000334       0x58 ./Core/Src/system_stm32f1xx.o
 .debug_frame   0x000000000000038c      0x334 ./Drivers/STM32F1xx_HAL_Driver/Src/stm32f1xx_hal.o
 .debug_frame   0x00000000000006c0      0x428 ./Drivers/STM32F1xx_HAL_Driver/Src/stm32f1xx_hal_cortex.o
 .debug_frame   0x0000000000000ae8      0x208 ./Drivers/STM32F1xx_HAL_Driver/Src/stm32f1xx_hal_dma.o
 .debug_frame   0x0000000000000cf0      0x14c ./Drivers/STM32F1xx_HAL_Driver/Src/stm32f1xx_hal_gpio.o
 .debug_frame   0x0000000000000e3c      0x218 ./Drivers/STM32F1xx_HAL_Driver/Src/stm32f1xx_hal_rcc.o
 .debug_frame   0x0000000000001054     0x11bc ./Drivers/STM32F1xx_HAL_Driver/Src/stm32f1xx_hal_tim.o
 .debug_frame   0x0000000000002210      0x638 ./Drivers/STM32F1xx_HAL_Driver/Src/stm32f1xx_hal_tim_ex.o
 .debug_frame   0x0000000000002848      0x944 ./Drivers/STM32F1xx_HAL_Driver/Src/stm32f1xx_hal_uart.o
 .debug_frame   0x000000000000318c       0x20 D:/Shankar/Stm32 garbage/STM32CubeIDE_1.13.2/STM32CubeIDE/plugins/com.st.stm32cube.ide.mcu.externaltools.gnu-tools-for-stm32.11.3.rel1.win32_1.1.1.202309131626/tools/bin/../lib/gcc/arm-none-eabi/11.3.1/../../../../arm-none-eabi/lib/thumb/v7-m/nofp\libc_nano.a(libc_a-memset.o)
 .debug_frame   0x00000000000031ac       0x2c D:/Shankar/Stm32 garbage/STM32CubeIDE_1.13.2/STM32CubeIDE/plugins/com.st.stm32cube.ide.mcu.externaltools.gnu-tools-for-stm32.11.3.rel1.win32_1.1.1.202309131626/tools/bin/../lib/gcc/arm-none-eabi/11.3.1/../../../../arm-none-eabi/lib/thumb/v7-m/nofp\libc_nano.a(libc_a-init.o)

.debug_line_str
                0x0000000000000000       0xaa
 .debug_line_str
                0x0000000000000000       0xaa ./Core/Startup/startup_stm32f103c8tx.o
                                         0xc2 (size before relaxing)
